../Core/Src/imu.c:11:6:imu_test_data	2224	static
../Core/Src/imu.c:52:9:imu_test_data1	2224	static
../Core/Src/imu.c:57:6:imu_test_data2	2224	static
../Core/Src/imu.c:62:6:imu_test_data3	2224	static
../Core/Src/imu.c:67:6:imu_test_runselftest	2224	static
../Core/Src/imu.c:71:8:imu_test_reqgnssplatform	2224	static
../Core/Src/imu.c:75:8:imu_test_reqerrormode	2224	static
../Core/Src/imu.c:80:7:imu_test_reqtransmitdelay	2224	static
../Core/Src/imu.c:84:8:imu_test_reqoptionflag	2224	static
../Core/Src/imu.c:88:8:imu_test_reqlocationid	2224	static
../Core/Src/imu.c:93:7:imu_test_reqconfiguration	2224	static
../Core/Src/imu.c:97:8:imu_test_reqperiod	2224	static
../Core/Src/imu.c:101:8:imu_test_reqoutputconfiguration	2224	static
../Core/Src/imu.c:105:8:imu_test_reqalignmentrotation	2224	static
../Core/Src/imu.c:109:8:imu_test_requtctime	2224	static
../Core/Src/imu.c:113:8:imu_test_reqfilterprofile	2224	static
../Core/Src/imu.c:117:8:imu_test_reqgnss	2224	static
../Core/Src/imu.c:121:8:imu_test_reqlatlon	2224	static
../Core/Src/imu.c:135:6:parse_imu_data	24	static
